0 verbose cli D:\Node.js\node.exe D:\Node.js\node_modules\npm\bin\npm-cli.js
1 info using npm@10.9.2
2 info using node@v22.16.0
3 silly config load:file:D:\Node.js\node_modules\npm\npmrc
4 silly config load:file:D:\0CODE\MelonAppNew\Melon\.npmrc
5 silly config load:file:C:\Users\Windows\.npmrc
6 silly config load:file:D:\Node.js\node_global\etc\npmrc
7 verbose title npm install react-native-video
8 verbose argv "install" "react-native-video" "--cache" "./npm_cache_tmp"
9 verbose logfile logs-max:10 dir:D:\0CODE\MelonAppNew\Melon\npm_cache_tmp\_logs\2025-07-19T19_40_12_572Z-
10 verbose logfile D:\0CODE\MelonAppNew\Melon\npm_cache_tmp\_logs\2025-07-19T19_40_12_572Z-debug-0.log
11 silly logfile done cleaning log files
12 silly packumentCache heap:4345298944 maxSize:1086324736 maxEntrySize:543162368
13 silly idealTree buildDeps
14 silly fetch manifest react-native-video@*
15 silly packumentCache full:https://registry.npmjs.org/react-native-video cache-miss
16 http fetch GET 200 https://registry.npmjs.org/npm 428ms
17 http fetch GET 200 https://registry.npmjs.org/react-native-video 262ms (cache miss)
18 silly packumentCache full:https://registry.npmjs.org/react-native-video set size:undefined disposed:false
19 silly fetch manifest react@19.1.0
20 silly packumentCache full:https://registry.npmjs.org/react cache-miss
21 http fetch GET 200 https://registry.npmjs.org/react 285ms (cache miss)
22 silly packumentCache full:https://registry.npmjs.org/react set size:undefined disposed:false
23 silly fetch manifest react-native@0.80.1
24 silly packumentCache full:https://registry.npmjs.org/react-native cache-miss
25 http fetch GET 200 https://registry.npmjs.org/react-native 319ms (cache miss)
26 silly packumentCache full:https://registry.npmjs.org/react-native set size:undefined disposed:false
27 silly fetch manifest @types/react@^19.1.0
28 silly packumentCache full:https://registry.npmjs.org/@types%2freact cache-miss
29 http fetch GET 200 https://registry.npmjs.org/@types%2freact 682ms (cache miss)
30 silly packumentCache full:https://registry.npmjs.org/@types%2freact set size:undefined disposed:false
31 silly placeDep ROOT react-native-video@6.16.1 OK for: Melon@0.0.1 want: *
32 silly reify moves {}
33 silly audit bulk request {
33 silly audit   '@ampproject/remapping': [ '2.3.0' ],
33 silly audit   '@babel/code-frame': [ '7.27.1' ],
33 silly audit   '@babel/compat-data': [ '7.28.0' ],
33 silly audit   '@babel/core': [ '7.28.0' ],
33 silly audit   '@babel/eslint-parser': [ '7.28.0' ],
33 silly audit   '@babel/generator': [ '7.28.0' ],
33 silly audit   '@babel/helper-annotate-as-pure': [ '7.27.3' ],
33 silly audit   '@babel/helper-compilation-targets': [ '7.27.2' ],
33 silly audit   '@babel/helper-create-class-features-plugin': [ '7.27.1' ],
33 silly audit   '@babel/helper-create-regexp-features-plugin': [ '7.27.1' ],
33 silly audit   '@babel/helper-define-polyfill-provider': [ '0.6.5' ],
33 silly audit   '@babel/helper-globals': [ '7.28.0' ],
33 silly audit   '@babel/helper-member-expression-to-functions': [ '7.27.1' ],
33 silly audit   '@babel/helper-module-imports': [ '7.27.1' ],
33 silly audit   '@babel/helper-module-transforms': [ '7.27.3' ],
33 silly audit   '@babel/helper-optimise-call-expression': [ '7.27.1' ],
33 silly audit   '@babel/helper-plugin-utils': [ '7.27.1' ],
33 silly audit   '@babel/helper-remap-async-to-generator': [ '7.27.1' ],
33 silly audit   '@babel/helper-replace-supers': [ '7.27.1' ],
33 silly audit   '@babel/helper-skip-transparent-expression-wrappers': [ '7.27.1' ],
33 silly audit   '@babel/helper-string-parser': [ '7.27.1' ],
33 silly audit   '@babel/helper-validator-identifier': [ '7.27.1' ],
33 silly audit   '@babel/helper-validator-option': [ '7.27.1' ],
33 silly audit   '@babel/helper-wrap-function': [ '7.27.1' ],
33 silly audit   '@babel/helpers': [ '7.27.6' ],
33 silly audit   '@babel/parser': [ '7.28.0' ],
33 silly audit   '@babel/plugin-bugfix-firefox-class-in-computed-class-key': [ '7.27.1' ],
33 silly audit   '@babel/plugin-bugfix-safari-class-field-initializer-scope': [ '7.27.1' ],
33 silly audit   '@babel/plugin-bugfix-safari-id-destructuring-collision-in-function-expression': [ '7.27.1' ],
33 silly audit   '@babel/plugin-bugfix-v8-spread-parameters-in-optional-chaining': [ '7.27.1' ],
33 silly audit   '@babel/plugin-bugfix-v8-static-class-fields-redefine-readonly': [ '7.27.1' ],
33 silly audit   '@babel/plugin-proposal-export-default-from': [ '7.27.1' ],
33 silly audit   '@babel/plugin-proposal-private-property-in-object': [ '7.21.0-placeholder-for-preset-env.2' ],
33 silly audit   '@babel/plugin-syntax-async-generators': [ '7.8.4' ],
33 silly audit   '@babel/plugin-syntax-bigint': [ '7.8.3' ],
33 silly audit   '@babel/plugin-syntax-class-properties': [ '7.12.13' ],
33 silly audit   '@babel/plugin-syntax-class-static-block': [ '7.14.5' ],
33 silly audit   '@babel/plugin-syntax-dynamic-import': [ '7.8.3' ],
33 silly audit   '@babel/plugin-syntax-export-default-from': [ '7.27.1' ],
33 silly audit   '@babel/plugin-syntax-flow': [ '7.27.1' ],
33 silly audit   '@babel/plugin-syntax-import-assertions': [ '7.27.1' ],
33 silly audit   '@babel/plugin-syntax-import-attributes': [ '7.27.1' ],
33 silly audit   '@babel/plugin-syntax-import-meta': [ '7.10.4' ],
33 silly audit   '@babel/plugin-syntax-json-strings': [ '7.8.3' ],
33 silly audit   '@babel/plugin-syntax-jsx': [ '7.27.1' ],
33 silly audit   '@babel/plugin-syntax-logical-assignment-operators': [ '7.10.4' ],
33 silly audit   '@babel/plugin-syntax-nullish-coalescing-operator': [ '7.8.3' ],
33 silly audit   '@babel/plugin-syntax-numeric-separator': [ '7.10.4' ],
33 silly audit   '@babel/plugin-syntax-object-rest-spread': [ '7.8.3' ],
33 silly audit   '@babel/plugin-syntax-optional-catch-binding': [ '7.8.3' ],
33 silly audit   '@babel/plugin-syntax-optional-chaining': [ '7.8.3' ],
33 silly audit   '@babel/plugin-syntax-private-property-in-object': [ '7.14.5' ],
33 silly audit   '@babel/plugin-syntax-top-level-await': [ '7.14.5' ],
33 silly audit   '@babel/plugin-syntax-typescript': [ '7.27.1' ],
33 silly audit   '@babel/plugin-syntax-unicode-sets-regex': [ '7.18.6' ],
33 silly audit   '@babel/plugin-transform-arrow-functions': [ '7.27.1' ],
33 silly audit   '@babel/plugin-transform-async-generator-functions': [ '7.28.0' ],
33 silly audit   '@babel/plugin-transform-async-to-generator': [ '7.27.1' ],
33 silly audit   '@babel/plugin-transform-block-scoped-functions': [ '7.27.1' ],
33 silly audit   '@babel/plugin-transform-block-scoping': [ '7.28.0' ],
33 silly audit   '@babel/plugin-transform-class-properties': [ '7.27.1' ],
33 silly audit   '@babel/plugin-transform-class-static-block': [ '7.27.1' ],
33 silly audit   '@babel/plugin-transform-classes': [ '7.28.0' ],
33 silly audit   '@babel/plugin-transform-computed-properties': [ '7.27.1' ],
33 silly audit   '@babel/plugin-transform-destructuring': [ '7.28.0' ],
33 silly audit   '@babel/plugin-transform-dotall-regex': [ '7.27.1' ],
33 silly audit   '@babel/plugin-transform-duplicate-keys': [ '7.27.1' ],
33 silly audit   '@babel/plugin-transform-duplicate-named-capturing-groups-regex': [ '7.27.1' ],
33 silly audit   '@babel/plugin-transform-dynamic-import': [ '7.27.1' ],
33 silly audit   '@babel/plugin-transform-explicit-resource-management': [ '7.28.0' ],
33 silly audit   '@babel/plugin-transform-exponentiation-operator': [ '7.27.1' ],
33 silly audit   '@babel/plugin-transform-export-namespace-from': [ '7.27.1' ],
33 silly audit   '@babel/plugin-transform-flow-strip-types': [ '7.27.1' ],
33 silly audit   '@babel/plugin-transform-for-of': [ '7.27.1' ],
33 silly audit   '@babel/plugin-transform-function-name': [ '7.27.1' ],
33 silly audit   '@babel/plugin-transform-json-strings': [ '7.27.1' ],
33 silly audit   '@babel/plugin-transform-literals': [ '7.27.1' ],
33 silly audit   '@babel/plugin-transform-logical-assignment-operators': [ '7.27.1' ],
33 silly audit   '@babel/plugin-transform-member-expression-literals': [ '7.27.1' ],
33 silly audit   '@babel/plugin-transform-modules-amd': [ '7.27.1' ],
33 silly audit   '@babel/plugin-transform-modules-commonjs': [ '7.27.1' ],
33 silly audit   '@babel/plugin-transform-modules-systemjs': [ '7.27.1' ],
33 silly audit   '@babel/plugin-transform-modules-umd': [ '7.27.1' ],
33 silly audit   '@babel/plugin-transform-named-capturing-groups-regex': [ '7.27.1' ],
33 silly audit   '@babel/plugin-transform-new-target': [ '7.27.1' ],
33 silly audit   '@babel/plugin-transform-nullish-coalescing-operator': [ '7.27.1' ],
33 silly audit   '@babel/plugin-transform-numeric-separator': [ '7.27.1' ],
33 silly audit   '@babel/plugin-transform-object-rest-spread': [ '7.28.0' ],
33 silly audit   '@babel/plugin-transform-object-super': [ '7.27.1' ],
33 silly audit   '@babel/plugin-transform-optional-catch-binding': [ '7.27.1' ],
33 silly audit   '@babel/plugin-transform-optional-chaining': [ '7.27.1' ],
33 silly audit   '@babel/plugin-transform-parameters': [ '7.27.7' ],
33 silly audit   '@babel/plugin-transform-private-methods': [ '7.27.1' ],
33 silly audit   '@babel/plugin-transform-private-property-in-object': [ '7.27.1' ],
33 silly audit   '@babel/plugin-transform-property-literals': [ '7.27.1' ],
33 silly audit   '@babel/plugin-transform-react-display-name': [ '7.28.0' ],
33 silly audit   '@babel/plugin-transform-react-jsx': [ '7.27.1' ],
33 silly audit   '@babel/plugin-transform-react-jsx-self': [ '7.27.1' ],
33 silly audit   '@babel/plugin-transform-react-jsx-source': [ '7.27.1' ],
33 silly audit   '@babel/plugin-transform-regenerator': [ '7.28.1' ],
33 silly audit   '@babel/plugin-transform-regexp-modifiers': [ '7.27.1' ],
33 silly audit   '@babel/plugin-transform-reserved-words': [ '7.27.1' ],
33 silly audit   '@babel/plugin-transform-runtime': [ '7.28.0' ],
33 silly audit   '@babel/plugin-transform-shorthand-properties': [ '7.27.1' ],
33 silly audit   '@babel/plugin-transform-spread': [ '7.27.1' ],
33 silly audit   '@babel/plugin-transform-sticky-regex': [ '7.27.1' ],
33 silly audit   '@babel/plugin-transform-template-literals': [ '7.27.1' ],
33 silly audit   '@babel/plugin-transform-typeof-symbol': [ '7.27.1' ],
33 silly audit   '@babel/plugin-transform-typescript': [ '7.28.0' ],
33 silly audit   '@babel/plugin-transform-unicode-escapes': [ '7.27.1' ],
33 silly audit   '@babel/plugin-transform-unicode-property-regex': [ '7.27.1' ],
33 silly audit   '@babel/plugin-transform-unicode-regex': [ '7.27.1' ],
33 silly audit   '@babel/plugin-transform-unicode-sets-regex': [ '7.27.1' ],
33 silly audit   '@babel/preset-env': [ '7.28.0' ],
33 silly audit   '@babel/preset-modules': [ '0.1.6-no-external-plugins' ],
33 silly audit   '@babel/runtime': [ '7.27.6' ],
33 silly audit   '@babel/template': [ '7.27.2' ],
33 silly audit   '@babel/traverse': [ '7.28.0' ],
33 silly audit   '@babel/types': [ '7.28.1' ],
33 silly audit   '@bcoe/v8-coverage': [ '0.2.3' ],
33 silly audit   '@egjs/hammerjs': [ '2.0.17' ],
33 silly audit   '@eslint-community/eslint-utils': [ '4.7.0' ],
33 silly audit   'eslint-visitor-keys': [ '3.4.3', '2.1.0' ],
33 silly audit   '@eslint-community/regexpp': [ '4.12.1' ],
33 silly audit   '@eslint/eslintrc': [ '2.1.4' ],
33 silly audit   'brace-expansion': [ '1.1.12', '2.0.2' ],
33 silly audit   minimatch: [ '3.1.2', '9.0.5' ],
33 silly audit   '@eslint/js': [ '8.57.1' ],
33 silly audit   '@hapi/hoek': [ '9.3.0' ],
33 silly audit   '@hapi/topo': [ '5.1.0' ],
33 silly audit   '@humanwhocodes/config-array': [ '0.13.0' ],
33 silly audit   '@humanwhocodes/module-importer': [ '1.0.1' ],
33 silly audit   '@humanwhocodes/object-schema': [ '2.0.3' ],
33 silly audit   '@isaacs/ttlcache': [ '1.4.1' ],
33 silly audit   '@istanbuljs/load-nyc-config': [ '1.1.0' ],
33 silly audit   argparse: [ '1.0.10', '2.0.1' ],
33 silly audit   'find-up': [ '4.1.0', '5.0.0' ],
33 silly audit   'js-yaml': [ '3.14.1', '4.1.0' ],
33 silly audit   'locate-path': [ '5.0.0', '6.0.0' ],
33 silly audit   'p-limit': [ '2.3.0', '3.1.0' ],
33 silly audit   'p-locate': [ '4.1.0', '5.0.0' ],
33 silly audit   'resolve-from': [ '5.0.0', '3.0.0', '4.0.0' ],
33 silly audit   '@istanbuljs/schema': [ '0.1.3' ],
33 silly audit   '@jest/console': [ '29.7.0' ],
33 silly audit   '@jest/core': [ '29.7.0' ],
33 silly audit   'ansi-styles': [ '5.2.0', '4.3.0', '3.2.1' ],
33 silly audit   'pretty-format': [ '29.7.0', '26.6.2' ],
33 silly audit   'react-is': [ '18.3.1', '19.1.0', '16.13.1', '17.0.2' ],
33 silly audit   '@jest/create-cache-key-function': [ '29.7.0' ],
33 silly audit   '@jest/environment': [ '29.7.0' ],
33 silly audit   '@jest/expect': [ '29.7.0' ],
33 silly audit   '@jest/expect-utils': [ '29.7.0' ],
33 silly audit   '@jest/fake-timers': [ '29.7.0' ],
33 silly audit   '@jest/globals': [ '29.7.0' ],
33 silly audit   '@jest/reporters': [ '29.7.0' ],
33 silly audit   '@jest/schemas': [ '29.6.3' ],
33 silly audit   '@jest/source-map': [ '29.6.3' ],
33 silly audit   '@jest/test-result': [ '29.7.0' ],
33 silly audit   '@jest/test-sequencer': [ '29.7.0' ],
33 silly audit   '@jest/transform': [ '29.7.0' ],
33 silly audit   '@jest/types': [ '29.6.3', '26.6.2' ],
33 silly audit   '@jridgewell/gen-mapping': [ '0.3.12' ],
33 silly audit   '@jridgewell/resolve-uri': [ '3.1.2' ],
33 silly audit   '@jridgewell/source-map': [ '0.3.10' ],
33 silly audit   '@jridgewell/sourcemap-codec': [ '1.5.4' ],
33 silly audit   '@jridgewell/trace-mapping': [ '0.3.29' ],
33 silly audit   '@nicolo-ribaudo/eslint-scope-5-internals': [ '5.1.1-v1' ],
33 silly audit   '@nodelib/fs.scandir': [ '2.1.5' ],
33 silly audit   '@nodelib/fs.stat': [ '2.0.5' ],
33 silly audit   '@nodelib/fs.walk': [ '1.2.8' ],
33 silly audit   '@react-native-community/cli': [ '19.0.0' ],
33 silly audit   '@react-native-community/cli-clean': [ '19.0.0' ],
33 silly audit   '@react-native-community/cli-config': [ '19.0.0' ],
33 silly audit   '@react-native-community/cli-config-android': [ '19.0.0' ],
33 silly audit   '@react-native-community/cli-config-apple': [ '19.0.0' ],
33 silly audit   '@react-native-community/cli-doctor': [ '19.0.0' ],
33 silly audit   semver: [ '7.7.2', '6.3.1' ],
33 silly audit   '@react-native-community/cli-platform-android': [ '19.0.0' ],
33 silly audit   '@react-native-community/cli-platform-apple': [ '19.0.0' ],
33 silly audit   '@react-native-community/cli-platform-ios': [ '19.0.0' ],
33 silly audit   '@react-native-community/cli-server-api': [ '19.0.0' ],
33 silly audit   '@react-native-community/cli-tools': [ '19.0.0' ],
33 silly audit   '@react-native-community/cli-types': [ '19.0.0' ],
33 silly audit   '@react-native/assets-registry': [ '0.80.1' ],
33 silly audit   '@react-native/babel-plugin-codegen': [ '0.80.1' ],
33 silly audit   '@react-native/babel-preset': [ '0.80.1' ],
33 silly audit   '@react-native/codegen': [ '0.80.1' ],
33 silly audit   '@react-native/community-cli-plugin': [ '0.80.1' ],
33 silly audit   '@react-native/debugger-frontend': [ '0.80.1' ],
33 silly audit   '@react-native/dev-middleware': [ '0.80.1' ],
33 silly audit   'is-wsl': [ '2.2.0', '1.1.0' ],
33 silly audit   open: [ '7.4.2', '6.4.0' ],
33 silly audit   '@react-native/eslint-config': [ '0.80.1' ],
33 silly audit   '@react-native/eslint-plugin': [ '0.80.1' ],
33 silly audit   '@react-native/gradle-plugin': [ '0.80.1' ],
33 silly audit   '@react-native/js-polyfills': [ '0.80.1' ],
33 silly audit   '@react-native/metro-babel-transformer': [ '0.80.1' ],
33 silly audit   '@react-native/metro-config': [ '0.80.1' ],
33 silly audit   '@react-native/new-app-screen': [ '0.80.1' ],
33 silly audit   '@react-native/normalize-colors': [ '0.80.1' ],
33 silly audit   '@react-native/typescript-config': [ '0.80.1' ],
33 silly audit   '@react-native/virtualized-lists': [ '0.80.1' ],
33 silly audit   '@react-navigation/core': [ '7.12.1' ],
33 silly audit   '@react-navigation/elements': [ '2.5.2' ],
33 silly audit   '@react-navigation/native': [ '7.1.14' ],
33 silly audit   '@react-navigation/routers': [ '7.4.1' ],
33 silly audit   '@react-navigation/stack': [ '7.4.2' ],
33 silly audit   '@sideway/address': [ '4.1.5' ],
33 silly audit   '@sideway/formula': [ '3.0.1' ],
33 silly audit   '@sideway/pinpoint': [ '2.0.0' ],
33 silly audit   '@sinclair/typebox': [ '0.27.8' ],
33 silly audit   '@sinonjs/commons': [ '3.0.1' ],
33 silly audit   '@sinonjs/fake-timers': [ '10.3.0' ],
33 silly audit   '@types/babel__core': [ '7.20.5' ],
33 silly audit   '@types/babel__generator': [ '7.27.0' ],
33 silly audit   '@types/babel__template': [ '7.4.4' ],
33 silly audit   '@types/babel__traverse': [ '7.20.7' ],
33 silly audit   '@types/graceful-fs': [ '4.1.9' ],
33 silly audit   '@types/hammerjs': [ '2.0.46' ],
33 silly audit   '@types/istanbul-lib-coverage': [ '2.0.6' ],
33 silly audit   '@types/istanbul-lib-report': [ '3.0.3' ],
33 silly audit   '@types/istanbul-reports': [ '3.0.4' ],
33 silly audit   '@types/jest': [ '29.5.14' ],
33 silly audit   '@types/json-schema': [ '7.0.15' ],
33 silly audit   '@types/node': [ '24.0.15' ],
33 silly audit   '@types/react': [ '19.1.8' ],
33 silly audit   '@types/react-test-renderer': [ '19.1.0' ],
33 silly audit   '@types/semver': [ '7.7.0' ],
33 silly audit   '@types/stack-utils': [ '2.0.3' ],
33 silly audit   '@types/yargs': [ '17.0.33', '15.0.19' ],
33 silly audit   '@types/yargs-parser': [ '21.0.3' ],
33 silly audit   '@typescript-eslint/eslint-plugin': [ '7.18.0' ],
33 silly audit   '@typescript-eslint/parser': [ '7.18.0' ],
33 silly audit   '@typescript-eslint/scope-manager': [ '7.18.0', '5.62.0' ],
33 silly audit   '@typescript-eslint/type-utils': [ '7.18.0' ],
33 silly audit   '@typescript-eslint/types': [ '7.18.0', '5.62.0' ],
33 silly audit   '@typescript-eslint/typescript-estree': [ '7.18.0', '5.62.0' ],
33 silly audit   '@typescript-eslint/utils': [ '7.18.0', '5.62.0' ],
33 silly audit   '@typescript-eslint/visitor-keys': [ '7.18.0', '5.62.0' ],
33 silly audit   '@ungap/structured-clone': [ '1.3.0' ],
33 silly audit   '@vscode/sudo-prompt': [ '9.3.1' ],
33 silly audit   'abort-controller': [ '3.0.0' ],
33 silly audit   accepts: [ '1.3.8' ],
33 silly audit   negotiator: [ '0.6.3', '0.6.4' ],
33 silly audit   acorn: [ '8.15.0' ],
33 silly audit   'acorn-jsx': [ '5.3.2' ],
33 silly audit   'agent-base': [ '7.1.4' ],
33 silly audit   ajv: [ '6.12.6' ],
33 silly audit   anser: [ '1.4.10' ],
33 silly audit   'ansi-escapes': [ '4.3.2' ],
33 silly audit   'type-fest': [ '0.21.3', '0.7.1', '0.20.2' ],
33 silly audit   'ansi-fragments': [ '0.2.1' ],
33 silly audit   'ansi-regex': [ '4.1.1', '5.0.1' ],
33 silly audit   'strip-ansi': [ '5.2.0', '6.0.1' ],
33 silly audit   anymatch: [ '3.1.3' ],
33 silly audit   appdirsjs: [ '1.2.7' ],
33 silly audit   'array-buffer-byte-length': [ '1.0.2' ],
33 silly audit   'array-includes': [ '3.1.9' ],
33 silly audit   'array-union': [ '2.1.0' ],
33 silly audit   'array.prototype.findlast': [ '1.2.5' ],
33 silly audit   'array.prototype.flat': [ '1.3.3' ],
33 silly audit   'array.prototype.flatmap': [ '1.3.3' ],
33 silly audit   'array.prototype.tosorted': [ '1.1.4' ],
33 silly audit   'arraybuffer.prototype.slice': [ '1.0.4' ],
33 silly audit   asap: [ '2.0.6' ],
33 silly audit   'astral-regex': [ '1.0.0' ],
33 silly audit   'async-function': [ '1.0.0' ],
33 silly audit   'async-limiter': [ '1.0.1' ],
33 silly audit   'available-typed-arrays': [ '1.0.7' ],
33 silly audit   'babel-jest': [ '29.7.0' ],
33 silly audit   'babel-plugin-istanbul': [ '6.1.1' ],
33 silly audit   'istanbul-lib-instrument': [ '5.2.1', '6.0.3' ],
33 silly audit   'babel-plugin-jest-hoist': [ '29.6.3' ],
33 silly audit   'babel-plugin-polyfill-corejs2': [ '0.4.14' ],
33 silly audit   'babel-plugin-polyfill-corejs3': [ '0.13.0' ],
33 silly audit   'babel-plugin-polyfill-regenerator': [ '0.6.5' ],
33 silly audit   'babel-plugin-syntax-hermes-parser': [ '0.28.1' ],
33 silly audit   'babel-plugin-transform-flow-enums': [ '0.0.2' ],
33 silly audit   'babel-preset-current-node-syntax': [ '1.1.0' ],
33 silly audit   'babel-preset-jest': [ '29.6.3' ],
33 silly audit   'balanced-match': [ '1.0.2' ],
33 silly audit   'base64-js': [ '1.5.1' ],
33 silly audit   bl: [ '4.1.0' ],
33 silly audit   'body-parser': [ '1.20.3' ],
33 silly audit   debug: [ '2.6.9', '4.4.1' ],
33 silly audit   ms: [ '2.0.0', '2.1.3' ],
33 silly audit   braces: [ '3.0.3' ],
33 silly audit   browserslist: [ '4.25.1' ],
33 silly audit   bser: [ '2.1.1' ],
33 silly audit   buffer: [ '5.7.1' ],
33 silly audit   'buffer-from': [ '1.1.2' ],
33 silly audit   bytes: [ '3.1.2' ],
33 silly audit   'call-bind': [ '1.0.8' ],
33 silly audit   'call-bind-apply-helpers': [ '1.0.2' ],
33 silly audit   'call-bound': [ '1.0.4' ],
33 silly audit   'caller-callsite': [ '2.0.0' ],
33 silly audit   callsites: [ '2.0.0', '3.1.0' ],
33 silly audit   'caller-path': [ '2.0.0' ],
33 silly audit   camelcase: [ '5.3.1', '6.3.0' ],
33 silly audit   'caniuse-lite': [ '1.0.30001727' ],
33 silly audit   chalk: [ '4.1.2' ],
33 silly audit   'char-regex': [ '1.0.2' ],
33 silly audit   'chrome-launcher': [ '0.15.2' ],
33 silly audit   'chromium-edge-launcher': [ '0.2.0' ],
33 silly audit   'ci-info': [ '3.9.0', '2.0.0' ],
33 silly audit   'cjs-module-lexer': [ '1.4.3' ],
33 silly audit   'cli-cursor': [ '3.1.0' ],
33 silly audit   'cli-spinners': [ '2.9.2' ],
33 silly audit   cliui: [ '8.0.1', '6.0.0' ],
33 silly audit   clone: [ '1.0.4' ],
33 silly audit   co: [ '4.6.0' ],
33 silly audit   'collect-v8-coverage': [ '1.0.2' ],
33 silly audit   color: [ '4.2.3' ],
33 silly audit   'color-convert': [ '2.0.1', '1.9.3' ],
33 silly audit   'color-name': [ '1.1.4', '1.1.3' ],
33 silly audit   'color-string': [ '1.9.1' ],
33 silly audit   colorette: [ '1.4.0' ],
33 silly audit   'command-exists': [ '1.2.9' ],
33 silly audit   commander: [ '9.5.0', '12.1.0', '2.20.3' ],
33 silly audit   compressible: [ '2.0.18' ],
33 silly audit   compression: [ '1.8.1' ],
33 silly audit   'concat-map': [ '0.0.1' ],
33 silly audit   connect: [ '3.7.0' ],
33 silly audit   'content-type': [ '1.0.5' ],
33 silly audit   'convert-source-map': [ '2.0.0' ],
33 silly audit   'core-js-compat': [ '3.44.0' ],
33 silly audit   cosmiconfig: [ '9.0.0', '5.2.1' ],
33 silly audit   'create-jest': [ '29.7.0' ],
33 silly audit   'cross-spawn': [ '7.0.6' ],
33 silly audit   csstype: [ '3.1.3' ],
33 silly audit   'data-view-buffer': [ '1.0.2' ],
33 silly audit   'data-view-byte-length': [ '1.0.2' ],
33 silly audit   'data-view-byte-offset': [ '1.0.1' ],
33 silly audit   dayjs: [ '1.11.13' ],
33 silly audit   decamelize: [ '1.2.0' ],
33 silly audit   'decode-uri-component': [ '0.2.2' ],
33 silly audit   dedent: [ '1.6.0' ],
33 silly audit   'deep-is': [ '0.1.4' ],
33 silly audit   deepmerge: [ '4.3.1' ],
33 silly audit   defaults: [ '1.0.4' ],
33 silly audit   'define-data-property': [ '1.1.4' ],
33 silly audit   'define-properties': [ '1.2.1' ],
33 silly audit   depd: [ '2.0.0' ],
33 silly audit   destroy: [ '1.2.0' ],
33 silly audit   'detect-newline': [ '3.1.0' ],
33 silly audit   'diff-sequences': [ '29.6.3' ],
33 silly audit   'dir-glob': [ '3.0.1' ],
33 silly audit   doctrine: [ '3.0.0', '2.1.0' ],
33 silly audit   'dunder-proto': [ '1.0.1' ],
33 silly audit   'ee-first': [ '1.1.1' ],
33 silly audit   'electron-to-chromium': [ '1.5.187' ],
33 silly audit   emittery: [ '0.13.1' ],
33 silly audit   'emoji-regex': [ '8.0.0' ],
33 silly audit   encodeurl: [ '1.0.2', '2.0.0' ],
33 silly audit   'env-paths': [ '2.2.1' ],
33 silly audit   envinfo: [ '7.14.0' ],
33 silly audit   'error-ex': [ '1.3.2' ],
33 silly audit   'error-stack-parser': [ '2.1.4' ],
33 silly audit   errorhandler: [ '1.5.1' ],
33 silly audit   'es-abstract': [ '1.24.0' ],
33 silly audit   'es-define-property': [ '1.0.1' ],
33 silly audit   'es-errors': [ '1.3.0' ],
33 silly audit   'es-iterator-helpers': [ '1.2.1' ],
33 silly audit   'es-object-atoms': [ '1.1.1' ],
33 silly audit   'es-set-tostringtag': [ '2.1.0' ],
33 silly audit   'es-shim-unscopables': [ '1.1.0' ],
33 silly audit   'es-to-primitive': [ '1.3.0' ],
33 silly audit   escalade: [ '3.2.0' ],
33 silly audit   'escape-html': [ '1.0.3' ],
33 silly audit   'escape-string-regexp': [ '4.0.0', '1.0.5', '2.0.0' ],
33 silly audit   eslint: [ '8.57.1' ],
33 silly audit   'eslint-config-prettier': [ '8.10.2' ],
33 silly audit   'eslint-plugin-eslint-comments': [ '3.2.0' ],
33 silly audit   'eslint-plugin-ft-flow': [ '2.0.3' ],
33 silly audit   'eslint-plugin-jest': [ '27.9.0' ],
33 silly audit   'eslint-plugin-react': [ '7.37.5' ],
33 silly audit   'eslint-plugin-react-hooks': [ '5.2.0' ],
33 silly audit   'eslint-plugin-react-native': [ '4.1.0' ],
33 silly audit   'eslint-plugin-react-native-globals': [ '0.1.2' ],
33 silly audit   resolve: [ '2.0.0-next.5', '1.22.10' ],
33 silly audit   'eslint-scope': [ '5.1.1', '7.2.2' ],
33 silly audit   estraverse: [ '4.3.0', '5.3.0' ],
33 silly audit   espree: [ '9.6.1' ],
33 silly audit   esprima: [ '4.0.1' ],
33 silly audit   esquery: [ '1.6.0' ],
33 silly audit   esrecurse: [ '4.3.0' ],
33 silly audit   esutils: [ '2.0.3' ],
33 silly audit   etag: [ '1.8.1' ],
33 silly audit   'event-target-shim': [ '5.0.1' ],
33 silly audit   execa: [ '5.1.1' ],
33 silly audit   exit: [ '0.1.2' ],
33 silly audit   expect: [ '29.7.0' ],
33 silly audit   'exponential-backoff': [ '3.1.2' ],
33 silly audit   'fast-deep-equal': [ '3.1.3' ],
33 silly audit   'fast-glob': [ '3.3.3' ],
33 silly audit   'glob-parent': [ '5.1.2', '6.0.2' ],
33 silly audit   'fast-json-stable-stringify': [ '2.1.0' ],
33 silly audit   'fast-levenshtein': [ '2.0.6' ],
33 silly audit   'fast-xml-parser': [ '4.5.3' ],
33 silly audit   fastq: [ '1.19.1' ],
33 silly audit   'fb-watchman': [ '2.0.2' ],
33 silly audit   'file-entry-cache': [ '6.0.1' ],
33 silly audit   'fill-range': [ '7.1.1' ],
33 silly audit   'filter-obj': [ '1.1.0' ],
33 silly audit   finalhandler: [ '1.1.2' ],
33 silly audit   'on-finished': [ '2.3.0', '2.4.1' ],
33 silly audit   'flat-cache': [ '3.2.0' ],
33 silly audit   flatted: [ '3.3.3' ],
33 silly audit   'flow-enums-runtime': [ '0.0.6' ],
33 silly audit   'for-each': [ '0.3.5' ],
33 silly audit   fresh: [ '0.5.2' ],
33 silly audit   'fs-extra': [ '8.1.0' ],
33 silly audit   'fs.realpath': [ '1.0.0' ],
33 silly audit   fsevents: [ '2.3.3' ],
33 silly audit   'function-bind': [ '1.1.2' ],
33 silly audit   'function.prototype.name': [ '1.1.8' ],
33 silly audit   'functions-have-names': [ '1.2.3' ],
33 silly audit   gensync: [ '1.0.0-beta.2' ],
33 silly audit   'get-caller-file': [ '2.0.5' ],
33 silly audit   'get-intrinsic': [ '1.3.0' ],
33 silly audit   'get-package-type': [ '0.1.0' ],
33 silly audit   'get-proto': [ '1.0.1' ],
33 silly audit   'get-stream': [ '6.0.1' ],
33 silly audit   'get-symbol-description': [ '1.1.0' ],
33 silly audit   glob: [ '7.2.3' ],
33 silly audit   globals: [ '13.24.0' ],
33 silly audit   globalthis: [ '1.0.4' ],
33 silly audit   globby: [ '11.1.0' ],
33 silly audit   gopd: [ '1.2.0' ],
33 silly audit   'graceful-fs': [ '4.2.11' ],
33 silly audit   graphemer: [ '1.4.0' ],
33 silly audit   'has-bigints': [ '1.1.0' ],
33 silly audit   'has-flag': [ '4.0.0' ],
33 silly audit   'has-property-descriptors': [ '1.0.2' ],
33 silly audit   'has-proto': [ '1.2.0' ],
33 silly audit   'has-symbols': [ '1.1.0' ],
33 silly audit   'has-tostringtag': [ '1.0.2' ],
33 silly audit   hasown: [ '2.0.2' ],
33 silly audit   'hermes-estree': [ '0.28.1', '0.29.1' ],
33 silly audit   'hermes-parser': [ '0.28.1', '0.29.1' ],
33 silly audit   'hoist-non-react-statics': [ '3.3.2' ],
33 silly audit   'html-escaper': [ '2.0.2' ],
33 silly audit   'http-errors': [ '2.0.0' ],
33 silly audit   statuses: [ '2.0.1', '1.5.0' ],
33 silly audit   'https-proxy-agent': [ '7.0.6' ],
33 silly audit   'human-signals': [ '2.1.0' ],
33 silly audit   'iconv-lite': [ '0.4.24' ],
33 silly audit   ieee754: [ '1.2.1' ],
33 silly audit   ignore: [ '5.3.2' ],
33 silly audit   'image-size': [ '1.2.1' ],
33 silly audit   'import-fresh': [ '3.3.1', '2.0.0' ],
33 silly audit   'import-local': [ '3.2.0' ],
33 silly audit   imurmurhash: [ '0.1.4' ],
33 silly audit   inflight: [ '1.0.6' ],
33 silly audit   inherits: [ '2.0.4' ],
33 silly audit   'internal-slot': [ '1.1.0' ],
33 silly audit   invariant: [ '2.2.4' ],
33 silly audit   'is-array-buffer': [ '3.0.5' ],
33 silly audit   'is-arrayish': [ '0.2.1', '0.3.2' ],
33 silly audit   'is-async-function': [ '2.1.1' ],
33 silly audit   'is-bigint': [ '1.1.0' ],
33 silly audit   'is-boolean-object': [ '1.2.2' ],
33 silly audit   'is-callable': [ '1.2.7' ],
33 silly audit   'is-core-module': [ '2.16.1' ],
33 silly audit   'is-data-view': [ '1.0.2' ],
33 silly audit   'is-date-object': [ '1.1.0' ],
33 silly audit   'is-directory': [ '0.3.1' ],
33 silly audit   'is-docker': [ '2.2.1' ],
33 silly audit   'is-extglob': [ '2.1.1' ],
33 silly audit   'is-finalizationregistry': [ '1.1.1' ],
33 silly audit   'is-fullwidth-code-point': [ '2.0.0', '3.0.0' ],
33 silly audit   'is-generator-fn': [ '2.1.0' ],
33 silly audit   'is-generator-function': [ '1.1.0' ],
33 silly audit   'is-glob': [ '4.0.3' ],
33 silly audit   'is-interactive': [ '1.0.0' ],
33 silly audit   'is-map': [ '2.0.3' ],
33 silly audit   'is-negative-zero': [ '2.0.3' ],
33 silly audit   'is-number': [ '7.0.0' ],
33 silly audit   'is-number-object': [ '1.1.1' ],
33 silly audit   'is-path-inside': [ '3.0.3' ],
33 silly audit   'is-regex': [ '1.2.1' ],
33 silly audit   'is-set': [ '2.0.3' ],
33 silly audit   'is-shared-array-buffer': [ '1.0.4' ],
33 silly audit   'is-stream': [ '2.0.1' ],
33 silly audit   'is-string': [ '1.1.1' ],
33 silly audit   'is-symbol': [ '1.1.1' ],
33 silly audit   'is-typed-array': [ '1.1.15' ],
33 silly audit   'is-unicode-supported': [ '0.1.0' ],
33 silly audit   'is-weakmap': [ '2.0.2' ],
33 silly audit   'is-weakref': [ '1.1.1' ],
33 silly audit   'is-weakset': [ '2.0.4' ],
33 silly audit   isarray: [ '2.0.5' ],
33 silly audit   isexe: [ '2.0.0' ],
33 silly audit   'istanbul-lib-coverage': [ '3.2.2' ],
33 silly audit   'istanbul-lib-report': [ '3.0.1' ],
33 silly audit   'istanbul-lib-source-maps': [ '4.0.1' ],
33 silly audit   'istanbul-reports': [ '3.1.7' ],
33 silly audit   'iterator.prototype': [ '1.1.5' ],
33 silly audit   jest: [ '29.7.0' ],
33 silly audit   'jest-changed-files': [ '29.7.0' ],
33 silly audit   'jest-circus': [ '29.7.0' ],
33 silly audit   'jest-cli': [ '29.7.0' ],
33 silly audit   'jest-config': [ '29.7.0' ],
33 silly audit   'jest-diff': [ '29.7.0' ],
33 silly audit   'jest-docblock': [ '29.7.0' ],
33 silly audit   'jest-each': [ '29.7.0' ],
33 silly audit   'jest-environment-node': [ '29.7.0' ],
33 silly audit   'jest-get-type': [ '29.6.3' ],
33 silly audit   'jest-haste-map': [ '29.7.0' ],
33 silly audit   'jest-leak-detector': [ '29.7.0' ],
33 silly audit   'jest-matcher-utils': [ '29.7.0' ],
33 silly audit   'jest-message-util': [ '29.7.0' ],
33 silly audit   'jest-mock': [ '29.7.0' ],
33 silly audit   'jest-pnp-resolver': [ '1.2.3' ],
33 silly audit   'jest-regex-util': [ '29.6.3' ],
33 silly audit   'jest-resolve': [ '29.7.0' ],
33 silly audit   'jest-resolve-dependencies': [ '29.7.0' ],
33 silly audit   'jest-runner': [ '29.7.0' ],
33 silly audit   'jest-runtime': [ '29.7.0' ],
33 silly audit   'jest-snapshot': [ '29.7.0' ],
33 silly audit   'jest-util': [ '29.7.0' ],
33 silly audit   'jest-validate': [ '29.7.0' ],
33 silly audit   'jest-watcher': [ '29.7.0' ],
33 silly audit   'jest-worker': [ '29.7.0' ],
33 silly audit   'supports-color': [ '8.1.1', '7.2.0' ],
33 silly audit   joi: [ '17.13.3' ],
33 silly audit   'js-tokens': [ '4.0.0' ],
33 silly audit   'jsc-safe-url': [ '0.2.4' ],
33 silly audit   jsesc: [ '3.1.0', '3.0.2' ],
33 silly audit   'json-buffer': [ '3.0.1' ],
33 silly audit   'json-parse-better-errors': [ '1.0.2' ],
33 silly audit   'json-parse-even-better-errors': [ '2.3.1' ],
33 silly audit   'json-schema-traverse': [ '0.4.1' ],
33 silly audit   'json-stable-stringify-without-jsonify': [ '1.0.1' ],
33 silly audit   json5: [ '2.2.3' ],
33 silly audit   jsonfile: [ '4.0.0' ],
33 silly audit   'jsx-ast-utils': [ '3.3.5' ],
33 silly audit   keyv: [ '4.5.4' ],
33 silly audit   kleur: [ '3.0.3' ],
33 silly audit   'launch-editor': [ '2.10.0' ],
33 silly audit   leven: [ '3.1.0' ],
33 silly audit   levn: [ '0.4.1' ],
33 silly audit   'lighthouse-logger': [ '1.4.2' ],
33 silly audit   'lines-and-columns': [ '1.2.4' ],
33 silly audit   lodash: [ '4.17.21' ],
33 silly audit   'lodash.debounce': [ '4.0.8' ],
33 silly audit   'lodash.merge': [ '4.6.2' ],
33 silly audit   'lodash.throttle': [ '4.1.1' ],
33 silly audit   'log-symbols': [ '4.1.0' ],
33 silly audit   logkitty: [ '0.7.1' ],
33 silly audit   'wrap-ansi': [ '6.2.0', '7.0.0' ],
33 silly audit   y18n: [ '4.0.3', '5.0.8' ],
33 silly audit   yargs: [ '15.4.1', '17.7.2' ],
33 silly audit   'yargs-parser': [ '18.1.3', '21.1.1' ],
33 silly audit   'loose-envify': [ '1.4.0' ],
33 silly audit   'lru-cache': [ '5.1.1' ],
33 silly audit   'make-dir': [ '4.0.0' ],
33 silly audit   makeerror: [ '1.0.12' ],
33 silly audit   marky: [ '1.3.0' ],
33 silly audit   'math-intrinsics': [ '1.1.0' ],
33 silly audit   'media-typer': [ '0.3.0' ],
33 silly audit   'memoize-one': [ '5.2.1' ],
33 silly audit   'merge-stream': [ '2.0.0' ],
33 silly audit   merge2: [ '1.4.1' ],
33 silly audit   metro: [ '0.82.5' ],
33 silly audit   'metro-babel-transformer': [ '0.82.5' ],
33 silly audit   'metro-cache': [ '0.82.5' ],
33 silly audit   'metro-cache-key': [ '0.82.5' ],
33 silly audit   'metro-config': [ '0.82.5' ],
33 silly audit   'parse-json': [ '4.0.0', '5.2.0' ],
33 silly audit   'metro-core': [ '0.82.5' ],
33 silly audit   'metro-file-map': [ '0.82.5' ],
33 silly audit   'metro-minify-terser': [ '0.82.5' ],
33 silly audit   'metro-resolver': [ '0.82.5' ],
33 silly audit   'metro-runtime': [ '0.82.5' ],
33 silly audit   'metro-source-map': [ '0.82.5' ],
33 silly audit   'source-map': [ '0.5.7', '0.6.1' ],
33 silly audit   'metro-symbolicate': [ '0.82.5' ],
33 silly audit   'metro-transform-plugins': [ '0.82.5' ],
33 silly audit   'metro-transform-worker': [ '0.82.5' ],
33 silly audit   ws: [ '7.5.10', '6.2.3' ],
33 silly audit   micromatch: [ '4.0.8' ],
33 silly audit   mime: [ '2.6.0', '1.6.0' ],
33 silly audit   'mime-db': [ '1.54.0', '1.52.0' ],
33 silly audit   'mime-types': [ '2.1.35' ],
33 silly audit   'mimic-fn': [ '2.1.0' ],
33 silly audit   mkdirp: [ '1.0.4' ],
33 silly audit   nanoid: [ '3.3.11' ],
33 silly audit   'natural-compare': [ '1.4.0' ],
33 silly audit   nocache: [ '3.0.4' ],
33 silly audit   'node-int64': [ '0.4.0' ],
33 silly audit   'node-releases': [ '2.0.19' ],
33 silly audit   'node-stream-zip': [ '1.15.0' ],
33 silly audit   'normalize-path': [ '3.0.0' ],
33 silly audit   'npm-run-path': [ '4.0.1' ],
33 silly audit   nullthrows: [ '1.1.1' ],
33 silly audit   ob1: [ '0.82.5' ],
33 silly audit   'object-assign': [ '4.1.1' ],
33 silly audit   'object-inspect': [ '1.13.4' ],
33 silly audit   'object-keys': [ '1.1.1' ],
33 silly audit   'object.assign': [ '4.1.7' ],
33 silly audit   'object.entries': [ '1.1.9' ],
33 silly audit   'object.fromentries': [ '2.0.8' ],
33 silly audit   'object.values': [ '1.2.1' ],
33 silly audit   'on-headers': [ '1.1.0' ],
33 silly audit   once: [ '1.4.0' ],
33 silly audit   onetime: [ '5.1.2' ],
33 silly audit   optionator: [ '0.9.4' ],
33 silly audit   ora: [ '5.4.1' ],
33 silly audit   'own-keys': [ '1.0.1' ],
33 silly audit   'p-try': [ '2.2.0' ],
33 silly audit   'parent-module': [ '1.0.1' ],
33 silly audit   parseurl: [ '1.3.3' ],
33 silly audit   'path-exists': [ '4.0.0' ],
33 silly audit   'path-is-absolute': [ '1.0.1' ],
33 silly audit   'path-key': [ '3.1.1' ],
33 silly audit   'path-parse': [ '1.0.7' ],
33 silly audit   'path-type': [ '4.0.0' ],
33 silly audit   picocolors: [ '1.1.1' ],
33 silly audit   picomatch: [ '2.3.1' ],
33 silly audit   pirates: [ '4.0.7' ],
33 silly audit   'pkg-dir': [ '4.2.0' ],
33 silly audit   'possible-typed-array-names': [ '1.1.0' ],
33 silly audit   'prelude-ls': [ '1.2.1' ],
33 silly audit   prettier: [ '2.8.8' ],
33 silly audit   promise: [ '8.3.0' ],
33 silly audit   prompts: [ '2.4.2' ],
33 silly audit   'prop-types': [ '15.8.1' ],
33 silly audit   punycode: [ '2.3.1' ],
33 silly audit   'pure-rand': [ '6.1.0' ],
33 silly audit   qs: [ '6.13.0' ],
33 silly audit   'query-string': [ '7.1.3' ],
33 silly audit   queue: [ '6.0.2' ],
33 silly audit   'queue-microtask': [ '1.2.3' ],
33 silly audit   'range-parser': [ '1.2.1' ],
33 silly audit   'raw-body': [ '2.5.2' ],
33 silly audit   react: [ '19.1.0' ],
33 silly audit   'react-devtools-core': [ '6.1.5' ],
33 silly audit   'react-freeze': [ '1.0.4' ],
33 silly audit   'react-native': [ '0.80.1' ],
33 silly audit   'react-native-gesture-handler': [ '2.27.1' ],
33 silly audit   'react-native-is-edge-to-edge': [ '1.2.1' ],
33 silly audit   'react-native-safe-area-context': [ '5.5.2' ],
33 silly audit   'react-native-screens': [ '4.13.1' ],
33 silly audit   'react-refresh': [ '0.14.2' ],
33 silly audit   'react-test-renderer': [ '19.1.0' ],
33 silly audit   'readable-stream': [ '3.6.2' ],
33 silly audit   'reflect.getprototypeof': [ '1.0.10' ],
33 silly audit   regenerate: [ '1.4.2' ],
33 silly audit   'regenerate-unicode-properties': [ '10.2.0' ],
33 silly audit   'regenerator-runtime': [ '0.13.11' ],
33 silly audit   'regexp.prototype.flags': [ '1.5.4' ],
33 silly audit   'regexpu-core': [ '6.2.0' ],
33 silly audit   regjsgen: [ '0.8.0' ],
33 silly audit   regjsparser: [ '0.12.0' ],
33 silly audit   'require-directory': [ '2.1.1' ],
33 silly audit   'require-main-filename': [ '2.0.0' ],
33 silly audit   'resolve-cwd': [ '3.0.0' ],
33 silly audit   'resolve.exports': [ '2.0.3' ],
33 silly audit   'restore-cursor': [ '3.1.0' ],
33 silly audit   reusify: [ '1.1.0' ],
33 silly audit   rimraf: [ '3.0.2' ],
33 silly audit   'run-parallel': [ '1.2.0' ],
33 silly audit   'safe-array-concat': [ '1.1.3' ],
33 silly audit   'safe-buffer': [ '5.2.1' ],
33 silly audit   'safe-push-apply': [ '1.0.0' ],
33 silly audit   'safe-regex-test': [ '1.1.0' ],
33 silly audit   'safer-buffer': [ '2.1.2' ],
33 silly audit   scheduler: [ '0.26.0' ],
33 silly audit   send: [ '0.19.0' ],
33 silly audit   'serialize-error': [ '2.1.0' ],
33 silly audit   'serve-static': [ '1.16.2' ],
33 silly audit   'set-blocking': [ '2.0.0' ],
33 silly audit   'set-function-length': [ '1.2.2' ],
33 silly audit   'set-function-name': [ '2.0.2' ],
33 silly audit   'set-proto': [ '1.0.0' ],
33 silly audit   setprototypeof: [ '1.2.0' ],
33 silly audit   'shebang-command': [ '2.0.0' ],
33 silly audit   'shebang-regex': [ '3.0.0' ],
33 silly audit   'shell-quote': [ '1.8.3' ],
33 silly audit   'side-channel': [ '1.1.0' ],
33 silly audit   'side-channel-list': [ '1.0.0' ],
33 silly audit   'side-channel-map': [ '1.0.1' ],
33 silly audit   'side-channel-weakmap': [ '1.0.2' ],
33 silly audit   'signal-exit': [ '3.0.7' ],
33 silly audit   'simple-swizzle': [ '0.2.2' ],
33 silly audit   sisteransi: [ '1.0.5' ],
33 silly audit   slash: [ '3.0.0' ],
33 silly audit   'slice-ansi': [ '2.1.0' ],
33 silly audit   'source-map-support': [ '0.5.13', '0.5.21' ],
33 silly audit   'split-on-first': [ '1.1.0' ],
33 silly audit   'sprintf-js': [ '1.0.3' ],
33 silly audit   'stack-utils': [ '2.0.6' ],
33 silly audit   stackframe: [ '1.3.4' ],
33 silly audit   'stacktrace-parser': [ '0.1.11' ],
33 silly audit   'stop-iteration-iterator': [ '1.1.0' ],
33 silly audit   'strict-uri-encode': [ '2.0.0' ],
33 silly audit   string_decoder: [ '1.3.0' ],
33 silly audit   'string-length': [ '4.0.2' ],
33 silly audit   'string-natural-compare': [ '3.0.1' ],
33 silly audit   'string-width': [ '4.2.3' ],
33 silly audit   'string.prototype.matchall': [ '4.0.12' ],
33 silly audit   'string.prototype.repeat': [ '1.0.0' ],
33 silly audit   'string.prototype.trim': [ '1.2.10' ],
33 silly audit   'string.prototype.trimend': [ '1.0.9' ],
33 silly audit   'string.prototype.trimstart': [ '1.0.8' ],
33 silly audit   'strip-bom': [ '4.0.0' ],
33 silly audit   'strip-final-newline': [ '2.0.0' ],
33 silly audit   'strip-json-comments': [ '3.1.1' ],
33 silly audit   strnum: [ '1.1.2' ],
33 silly audit   'supports-preserve-symlinks-flag': [ '1.0.0' ],
33 silly audit   terser: [ '5.43.1' ],
33 silly audit   'test-exclude': [ '6.0.0' ],
33 silly audit   'text-table': [ '0.2.0' ],
33 silly audit   throat: [ '5.0.0' ],
33 silly audit   tmpl: [ '1.0.5' ],
33 silly audit   'to-regex-range': [ '5.0.1' ],
33 silly audit   toidentifier: [ '1.0.1' ],
33 silly audit   'ts-api-utils': [ '1.4.3' ],
33 silly audit   tslib: [ '1.14.1' ],
33 silly audit   tsutils: [ '3.21.0' ],
33 silly audit   'type-check': [ '0.4.0' ],
33 silly audit   'type-detect': [ '4.0.8' ],
33 silly audit   'type-is': [ '1.6.18' ],
33 silly audit   'typed-array-buffer': [ '1.0.3' ],
33 silly audit   'typed-array-byte-length': [ '1.0.3' ],
33 silly audit   'typed-array-byte-offset': [ '1.0.4' ],
33 silly audit   'typed-array-length': [ '1.0.7' ],
33 silly audit   typescript: [ '5.0.4' ],
33 silly audit   'unbox-primitive': [ '1.1.0' ],
33 silly audit   'undici-types': [ '7.8.0' ],
33 silly audit   'unicode-canonical-property-names-ecmascript': [ '2.0.1' ],
33 silly audit   'unicode-match-property-ecmascript': [ '2.0.0' ],
33 silly audit   'unicode-match-property-value-ecmascript': [ '2.2.0' ],
33 silly audit   'unicode-property-aliases-ecmascript': [ '2.1.0' ],
33 silly audit   universalify: [ '0.1.2' ],
33 silly audit   unpipe: [ '1.0.0' ],
33 silly audit   'update-browserslist-db': [ '1.1.3' ],
33 silly audit   'uri-js': [ '4.4.1' ],
33 silly audit   'use-latest-callback': [ '0.2.4' ],
33 silly audit   'use-sync-external-store': [ '1.5.0' ],
33 silly audit   'util-deprecate': [ '1.0.2' ],
33 silly audit   'utils-merge': [ '1.0.1' ],
33 silly audit   'v8-to-istanbul': [ '9.3.0' ],
33 silly audit   vary: [ '1.1.2' ],
33 silly audit   vlq: [ '1.0.1' ],
33 silly audit   walker: [ '1.0.8' ],
33 silly audit   'warn-once': [ '0.1.1' ],
33 silly audit   wcwidth: [ '1.0.1' ],
33 silly audit   'whatwg-fetch': [ '3.6.20' ],
33 silly audit   which: [ '2.0.2' ],
33 silly audit   'which-boxed-primitive': [ '1.1.1' ],
33 silly audit   'which-builtin-type': [ '1.2.1' ],
33 silly audit   'which-collection': [ '1.0.2' ],
33 silly audit   'which-module': [ '2.0.1' ],
33 silly audit   'which-typed-array': [ '1.1.19' ],
33 silly audit   'word-wrap': [ '1.2.5' ],
33 silly audit   wrappy: [ '1.0.2' ],
33 silly audit   'write-file-atomic': [ '4.0.2' ],
33 silly audit   yallist: [ '3.1.1' ],
33 silly audit   yaml: [ '2.8.0' ],
33 silly audit   'yocto-queue': [ '0.1.0' ],
33 silly audit   'react-native-video': [ '6.16.1' ]
33 silly audit }
34 verbose reify failed optional dependency D:\0CODE\MelonAppNew\Melon\node_modules\fsevents
35 silly reify mark deleted [ 'D:\\0CODE\\MelonAppNew\\Melon\\node_modules\\fsevents' ]
36 http cache react-native-video@https://registry.npmjs.org/react-native-video/-/react-native-video-6.16.1.tgz 0ms (cache hit)
37 silly tarball no local data for react-native-video@https://registry.npmjs.org/react-native-video/-/react-native-video-6.16.1.tgz. Extracting by manifest.
38 http fetch GET 200 https://registry.npmjs.org/react-native-video/-/react-native-video-6.16.1.tgz 212ms (cache miss)
39 http fetch POST 200 https://registry.npmjs.org/-/npm/v1/security/advisories/bulk 369ms
40 silly audit report {}
41 silly ADD node_modules/react-native-video
42 silly ADD
43 verbose cwd D:\0CODE\MelonAppNew\Melon
44 verbose os Windows_NT 10.0.26100
45 verbose node v22.16.0
46 verbose npm  v10.9.2
47 notice
47 notice New [31mmajor[39m version of npm available! [31m10.9.2[39m -> [34m11.4.2[39m
47 notice Changelog: [34mhttps://github.com/npm/cli/releases/tag/v11.4.2[39m
47 notice To update run: [4mnpm install -g npm@11.4.2[24m
47 notice  { force: true, [Symbol(proc-log.meta)]: true }
48 verbose exit 0
49 info ok
